
> cybershield-saas@0.1.0 build
> cross-env NODE_OPTIONS=--max-old-space-size=4096 next build

   Γû▓ Next.js 15.5.19
   - Environments: .env.local

   Creating an optimized production build ...
node.exe :  ΓÜá Compiled with warnings in 19.2s
At line:1 char:1
+ & "C:\Program Files\nodejs/node.exe" "C:\Program Files\nodejs/node_mo ...
+ ~~~~~~~~~~~~~~~~~~~~~~~~~~~~~~~~~~~~~~~~~~~~~~~~~~~~~~~~~~~~~~~~~~~~~
    + CategoryInfo          : NotSpecified: ( ΓÜá Compiled with warnings in 19.2s:String) [], RemoteException
    + FullyQualifiedErrorId : NativeCommandError
 

./node_modules/@supabase/supabase-js/dist/index.mjs
A Node.js API is used (process.version at line: 27) which is not supported in the Edge Runtime.
Learn more: https://nextjs.org/docs/api-reference/edge-runtime

Import trace for requested module:
./node_modules/@supabase/supabase-js/dist/index.mjs
./node_modules/@supabase/ssr/dist/module/createBrowserClient.js
./node_modules/@supabase/ssr/dist/module/index.js
./lib/supabase/middleware.ts

   Linting and checking validity of types ...

<--- Last few GCs --->

[7608:0000024A015E3000]     3111 ms: Scavenge (interleaved) 239.2 (308.6) -> 218.1 (338.1) MB, pooled: 0 MB, 36.00 / 
0.00 ms  (average mu = 0.992, current mu = 0.994) allocation failure; 
[7608:0000024A015E3000]     3330 ms: Scavenge (interleaved) 272.9 (338.6) -> 242.4 (350.1) MB, pooled: 0 MB, 23.35 / 
0.02 ms  (average mu = 0.992, current mu = 0.994) allocation failure; 

FATAL ERROR: Zone Allocation failed - process out of memory
----- Native stack trace -----


<--- Last few GCs --->

[7608:0000024A015E3000]     3111 ms: Scavenge (interleaved) 239.2 (308.6) -> 218.1 (338.1) MB, pooled: 0 MB, 36.00 / 
0.00 ms  (average mu = 0.992, current mu = 0.994) allocation failure; 
[7608:0000024A015E3000]     3330 ms: Scavenge (interleaved) 272.9 (338.6) -> 242.4 (350.1) MB, pooled: 0 MB, 23.35 / 
0.02 ms  (average mu = 0.992, current mu = 0.994) allocation failure; 

FATAL ERROR: Zone Allocation failed - process out of memory
----- Native stack trace -----


<--- Last few GCs --->

[7608:0000024A015E3000]     3111 ms: Scavenge (interleaved) 239.2 (308.6) -> 218.1 (338.1) MB, pooled: 0 MB, 36.00 / 
0.00 ms  (average mu = 0.992, current mu = 0.994) allocation failure; 
[7608:0000024A015E3000]     3330 ms: Scavenge (interleaved) 272.9 (338.6) -> 242.4 (350.1) MB, pooled: 0 MB, 23.35 / 
0.02 ms  (average mu = 0.992, current mu = 0.994) allocation failure; 

FATAL ERROR: Zone Allocation failed - process out of memory
----- Native stack trace -----

 1: 00007FF79FE10CCF 
 2: 00007FF7A0A5F697 
 3: 00007FF7A03D9576 
 4: 00007FF79FF9AC8A 
 5: 00007FF7A1A50592 
 6: 00007FF7A1A4F65E 
 7: 00007FF7A1A4E818 
 8: 00007FF7A1A4DC13 
 9: 00007FF7A17C1F80 
10: 00007FF7A17C1E2E 
11: 00007FF7A1460DF6 
12: 00007FF7A1457F0B 
13: 00007FF7A1457370 
14: 00007FF7A09D335F 
15: 00007FF7A09983ED 
16: 00007FF7A09980E5 
17: 00007FF7A124519F 
18: 00007FF79FD6081E 
19: 00007FF7A0AB46D6 
20: 00007FF7A1D1A033 
21: 00007FFE79F2E957 
22: 00007FFE7BB07C1C 
 1: 00007FF79FE10CCF 
