node.exe : npm warn Unknown env config "devdir". This will stop working in the next major version of npm. See `npm 
help npmrc` for supported config options.
At line:1 char:1
+ & "C:\Program Files\nodejs/node.exe" "C:\Program Files\nodejs/node_mo ...
+ ~~~~~~~~~~~~~~~~~~~~~~~~~~~~~~~~~~~~~~~~~~~~~~~~~~~~~~~~~~~~~~~~~~~~~
    + CategoryInfo          : NotSpecified: (npm warn Unknow...config options.:String) [], RemoteException
    + FullyQualifiedErrorId : NativeCommandError
 

> cybershield-saas@0.1.0 build
> next build

   Γû▓ Next.js 15.3.3
   - Environments: .env.local

   Creating an optimized production build ...
 Γ£ô Compiled successfully in 4.0s
   Linting and checking validity of types ...
   Collecting page data ...
   Generating static pages (0/20) ...
   Generating static pages (5/20) 
   Generating static pages (10/20) 
   Generating static pages (15/20) 
 Γ£ô Generating static pages (20/20)
   Finalizing page optimization ...
   Collecting build traces ...

Route (app)                                 Size  First Load JS
Γöî Γùï /                                    3.04 kB         108 kB
Γö£ Γùï /_not-found                            977 B         102 kB
Γö£ ╞Æ /api/alerts                            159 B         101 kB
Γö£ ╞Æ /api/cron/scan                         159 B         101 kB
Γö£ ╞Æ /api/dashboard                         159 B         101 kB
Γö£ ╞Æ /api/scan                              159 B         101 kB
Γö£ ╞Æ /api/scan/public                       159 B         101 kB
Γö£ ╞Æ /api/scans                             159 B         101 kB
Γö£ ╞Æ /api/websites                          159 B         101 kB
Γö£ ╞Æ /api/websites/[id]                     159 B         101 kB
Γö£ ╞Æ /auth/callback                         159 B         101 kB
Γö£ ╞Æ /dashboard                             181 B         105 kB
Γö£ ╞Æ /dashboard/alerts                    1.69 kB         103 kB
Γö£ ╞Æ /dashboard/reports                     181 B         105 kB
Γö£ ╞Æ /dashboard/scans                       159 B         101 kB
Γö£ ╞Æ /dashboard/settings                    181 B         105 kB
Γö£ ╞Æ /dashboard/websites                  2.79 kB         104 kB
Γö£ Γùï /login                               1.67 kB         170 kB
Γö£ ╞Æ /report/[id]                           181 B         105 kB
Γöö Γùï /signup                              1.93 kB         170 kB
+ First Load JS shared by all             101 kB
  Γö£ chunks/4bd1b696-dfce323c36e169f0.js  53.2 kB
  Γö£ chunks/684-f4871f7ec1d12ea9.js       45.9 kB
  Γöö other shared chunks (total)          1.99 kB


╞Æ Middleware                             88.8 kB

Γùï  (Static)   prerendered as static content
╞Æ  (Dynamic)  server-rendered on demand

npm notice
npm notice New minor version of npm available! 11.13.0 -> 11.17.0
npm notice Changelog: https://github.com/npm/cli/releases/tag/v11.17.0
npm notice To update run: npm install -g npm@11.17.0
npm notice
